Microchip Technology Inc, v1.60 (B)

Tool Name:
  c:\program files\microchip\xc16\v1.60\bin\bin\..\bin/elf-ld.exe

Command:
  -p24F16KA101 \
  --mdfp=C:/Program Files/Microchip/MPLABX/v5.45/packs/Microchip/PIC24F-KA-KL-KM_DFP/1.4.83/xc16 \
  -o \
  dist/default/production/SerialTest.X.production.elf \
  -Lc:/program files/microchip/xc16/v1.60/bin/bin/.. \
  -LC:/Program Files/Microchip/MPLABX/v5.45/packs/Microchip/PIC24F-KA-KL-KM_DFP/1.4.83/xc16/bin/../support/PIC24F/gld \
  -Lc:/program files/microchip/xc16/v1.60/bin/bin/../../lib \
  -Lc:/program files/microchip/xc16/v1.60/bin/bin/../../support/PIC24E/gld \
  -Lc:/program files/microchip/xc16/v1.60/bin/bin/../../support/PIC24F/gld \
  -Lc:/program files/microchip/xc16/v1.60/bin/bin/../../support/PIC24H/gld \
  -Lc:/program files/microchip/xc16/v1.60/bin/bin/../../support/dsPIC30F/gld \
  -Lc:/program files/microchip/xc16/v1.60/bin/bin/../../support/dsPIC33C/gld \
  -Lc:/program files/microchip/xc16/v1.60/bin/bin/../../support/dsPIC33E/gld \
  -Lc:/program files/microchip/xc16/v1.60/bin/bin/../../support/dsPIC33F/gld \
  build/default/production/ChangeClk.o \
  build/default/production/UART2.o \
  build/default/production/main.o \
  --defsym=__MPLAB_BUILD=1 \
  -Tp24F16KA101.gld.00 \
  --stack=16 \
  --check-sections \
  --data-init \
  --pack-data \
  --handles \
  --isr \
  --no-gc-sections \
  --fill-upper=0 \
  --stackguard=16 \
  --no-force-link \
  --smart-io \
  -Map=dist/default/production/SerialTest.X.production.map \
  --report-mem \
  --memorysummary \
  dist/default/production/memoryfile.xml \
  -start-group \
  --library=lega-pic30-elf \
  --library=m-elf \
  --library=lega-c-elf \
  -end-group \


Optional library libpPIC24Fxxx.a not found
Archive member included because of file (symbol)

c:/program files/microchip/xc16/v1.60/bin/bin/../../lib\liblega-pic30-elf.a(crt0_standard.o)
                              (__resetPRI)
c:/program files/microchip/xc16/v1.60/bin/bin/../../lib\liblega-pic30-elf.a(data_init_standard.o)
                              c:/program files/microchip/xc16/v1.60/bin/bin/../../lib\liblega-pic30-elf.a(crt0_standard.o) (__data_init_standard)
c:/program files/microchip/xc16/v1.60/bin/bin/../../lib\liblega-pic30-elf.a(crt_start_mode_normal.Leo)
                              (__crt_start_mode_normal)
c:/program files/microchip/xc16/v1.60/bin/bin/../../lib\libm-elf.a(divsf3.eo)
                              build/default/production/UART2.o (___divsf3)
c:/program files/microchip/xc16/v1.60/bin/bin/../../lib\libm-elf.a(fixunssfsi.eo)
                              build/default/production/UART2.o (___fixunssfsi)
c:/program files/microchip/xc16/v1.60/bin/bin/../../lib\libm-elf.a(floatsisf.eo)
                              build/default/production/UART2.o (___floatsisf)
c:/program files/microchip/xc16/v1.60/bin/bin/../../lib\libm-elf.a(floatunsisf.eo)
                              build/default/production/UART2.o (___floatunsisf)
c:/program files/microchip/xc16/v1.60/bin/bin/../../lib\libm-elf.a(fpack.eo)
                              c:/program files/microchip/xc16/v1.60/bin/bin/../../lib\libm-elf.a(divsf3.eo) (__fpack)
c:/program files/microchip/xc16/v1.60/bin/bin/../../lib\libm-elf.a(funpack.eo)
                              c:/program files/microchip/xc16/v1.60/bin/bin/../../lib\libm-elf.a(fixunssfsi.eo) (__funpack)
c:/program files/microchip/xc16/v1.60/bin/bin/../../lib\libm-elf.a(funpack2.eo)
                              c:/program files/microchip/xc16/v1.60/bin/bin/../../lib\libm-elf.a(divsf3.eo) (__funpack2)
c:/program files/microchip/xc16/v1.60/bin/bin/../../lib\libm-elf.a(futil.eo)
                              c:/program files/microchip/xc16/v1.60/bin/bin/../../lib\libm-elf.a(divsf3.eo) (__fPropagateNaN)
c:/program files/microchip/xc16/v1.60/bin/bin/../../lib\libm-elf.a(powf.eo)
                              build/default/production/UART2.o (_powf)
c:/program files/microchip/xc16/v1.60/bin/bin/../../lib\libm-elf.a(_frexpf.eo)
                              c:/program files/microchip/xc16/v1.60/bin/bin/../../lib\libm-elf.a(powf.eo) (__frexpf)
c:/program files/microchip/xc16/v1.60/bin/bin/../../lib\libm-elf.a(addsf3.eo)
                              c:/program files/microchip/xc16/v1.60/bin/bin/../../lib\libm-elf.a(powf.eo) (___subsf3)
c:/program files/microchip/xc16/v1.60/bin/bin/../../lib\libm-elf.a(errno.eo)
                              c:/program files/microchip/xc16/v1.60/bin/bin/../../lib\libm-elf.a(powf.eo) (_errno)
c:/program files/microchip/xc16/v1.60/bin/bin/../../lib\libm-elf.a(expf.eo)
                              c:/program files/microchip/xc16/v1.60/bin/bin/../../lib\libm-elf.a(powf.eo) (_expf)
c:/program files/microchip/xc16/v1.60/bin/bin/../../lib\libm-elf.a(fchop.eo)
                              c:/program files/microchip/xc16/v1.60/bin/bin/../../lib\libm-elf.a(powf.eo) (__fchop)
c:/program files/microchip/xc16/v1.60/bin/bin/../../lib\libm-elf.a(feqltle.eo)
                              c:/program files/microchip/xc16/v1.60/bin/bin/../../lib\libm-elf.a(powf.eo) (___eqsf2)
c:/program files/microchip/xc16/v1.60/bin/bin/../../lib\libm-elf.a(fgtge.eo)
                              c:/program files/microchip/xc16/v1.60/bin/bin/../../lib\libm-elf.a(expf.eo) (___gtsf2)
c:/program files/microchip/xc16/v1.60/bin/bin/../../lib\libm-elf.a(fixsfsi.eo)
                              c:/program files/microchip/xc16/v1.60/bin/bin/../../lib\libm-elf.a(powf.eo) (_(float, int, long long, short, float, short, int))
c:/program files/microchip/xc16/v1.60/bin/bin/../../lib\libm-elf.a(floatdisf.eo)
                              c:/program files/microchip/xc16/v1.60/bin/bin/../../lib\libm-elf.a(floatsisf.eo) (___floatdisf)
c:/program files/microchip/xc16/v1.60/bin/bin/../../lib\libm-elf.a(floatundisf.eo)
                              c:/program files/microchip/xc16/v1.60/bin/bin/../../lib\libm-elf.a(floatunsisf.eo) (___floatundisf)
c:/program files/microchip/xc16/v1.60/bin/bin/../../lib\libm-elf.a(ldexpf.eo)
                              c:/program files/microchip/xc16/v1.60/bin/bin/../../lib\libm-elf.a(powf.eo) (_ldexpf)
c:/program files/microchip/xc16/v1.60/bin/bin/../../lib\libm-elf.a(logf.eo)
                              c:/program files/microchip/xc16/v1.60/bin/bin/../../lib\libm-elf.a(powf.eo) (_logf)
c:/program files/microchip/xc16/v1.60/bin/bin/../../lib\libm-elf.a(mulsf3.eo)
                              c:/program files/microchip/xc16/v1.60/bin/bin/../../lib\libm-elf.a(powf.eo) (___mulsf3)
c:/program files/microchip/xc16/v1.60/bin/bin/../../lib\libm-elf.a(fcompare.eo)
                              c:/program files/microchip/xc16/v1.60/bin/bin/../../lib\libm-elf.a(feqltle.eo) (__fcompare)
c:/program files/microchip/xc16/v1.60/bin/bin/../../lib\liblega-c-elf.a(strlen.XX_eo)
                              build/default/production/UART2.o (_strlen)


xc16-ld 1.60 (B)

Default Code Model: Small
Default Data Model: Small
Default Scalar Model: Small

"program" Memory  [Origin = 0x200, Length = 0x2a00]

section                    address   length (PC units)   length (bytes) (dec)
-------                    -------   -----------------   --------------------
.text                        0x200               0x85a           0xc87  (3207)
.text                        0xa5a               0x29a           0x3e7  (999)
.dinit                       0xcf4                 0xe            0x15  (21)

                 Total "program" memory used (bytes):         0x1083  (4227) 26%


"data" Memory  [Origin = 0x800, Length = 0x600]

section                    address      alignment gaps    total length  (dec)
-------                    -------      --------------    -------------------
.nbss                        0x800                   0             0x4  (4)

                 Total "data" memory used (bytes):            0x4  (4) <1%


Dynamic Memory Usage

region                     address                      maximum length  (dec)
------                     -------                      ---------------------
heap                             0                                   0  (0)
stack                        0x804                               0x5fc  (1532)

                 Maximum dynamic memory (bytes):          0x5fc  (1532)

Info: Project is using a large data memory model when small data memory model is sufficient.


External Symbols in Data Memory (by address):

                    0x0800                  _clkval

External Symbols in Data Memory (by name):

                    0x0800                  _clkval

External Symbols in Program Memory (by address):

                  0x000200                  __resetPRI
                  0x00023c                  __psv_init
                  0x000252                  __data_init_standard
                  0x000252                  __data_init
                  0x0002c8                  __U2RXInterrupt
                  0x0002d0                  __U2TXInterrupt
                  0x0002d8                  __DefaultInterrupt
                  0x0002de                  ___divsf3
                  0x000362                  ___fixunssfsi
                  0x000398                  ___floatsisf
                  0x00039e                  ___floatunsisf
                  0x0003a2                  __fpack
                  0x0003ee                  __funpack
                  0x000418                  __funpack2
                  0x000428                  __fPropagateNaN
                  0x00043a                  __fbopExit
                  0x000442                  __fbopReturnNaN
                  0x000448                  _powf
                  0x00060e                  __frexpf
                  0x000628                  ___subsf3
                  0x00062a                  ___addsf3
                  0x0006e4                  _expf
                  0x0007a8                  __fchop
                  0x0007f6                  ___ltsf2
                  0x0007f6                  ___eqsf2
                  0x0007f6                  ___lesf2
                  0x0007fa                  ___gtsf2
                  0x0007fa                  ___gesf2
                  0x0007fe                  ___fixsfsi
                  0x000840                  ___floatdisf
                  0x000860                  ___floatundisf
                  0x0008be                  _ldexpf
                  0x000902                  _logf
                  0x0009b0                  ___mulsf3
                  0x000a18                  __fcompare
                  0x000a4e                  _strlen
                  0x000a5a                  _InitUART2
                  0x000ac2                  _XmitUART2
                  0x000afa                  _Disp2Hex
                  0x000b58                  _Disp2Hex32
                  0x000bc6                  _Disp2Dec
                  0x000c26                  _Disp2String
                  0x000c48                  _NewClk
                  0x000cbc                  _main

External Symbols in Program Memory (by name):

                  0x000bc6                  _Disp2Dec
                  0x000afa                  _Disp2Hex
                  0x000b58                  _Disp2Hex32
                  0x000c26                  _Disp2String
                  0x000a5a                  _InitUART2
                  0x000c48                  _NewClk
                  0x000ac2                  _XmitUART2
                  0x0002d8                  __DefaultInterrupt
                  0x0002c8                  __U2RXInterrupt
                  0x0002d0                  __U2TXInterrupt
                  0x00062a                  ___addsf3
                  0x0002de                  ___divsf3
                  0x0007f6                  ___eqsf2
                  0x0007fe                  ___fixsfsi
                  0x000362                  ___fixunssfsi
                  0x000840                  ___floatdisf
                  0x000398                  ___floatsisf
                  0x000860                  ___floatundisf
                  0x00039e                  ___floatunsisf
                  0x0007fa                  ___gesf2
                  0x0007fa                  ___gtsf2
                  0x0007f6                  ___lesf2
                  0x0007f6                  ___ltsf2
                  0x0009b0                  ___mulsf3
                  0x000628                  ___subsf3
                  0x000252                  __data_init
                  0x000252                  __data_init_standard
                  0x000428                  __fPropagateNaN
                  0x00043a                  __fbopExit
                  0x000442                  __fbopReturnNaN
                  0x0007a8                  __fchop
                  0x000a18                  __fcompare
                  0x0003a2                  __fpack
                  0x00060e                  __frexpf
                  0x0003ee                  __funpack
                  0x000418                  __funpack2
                  0x00023c                  __psv_init
                  0x000200                  __resetPRI
                  0x0006e4                  _expf
                  0x0008be                  _ldexpf
                  0x000902                  _logf
                  0x000cbc                  _main
                  0x000448                  _powf
                  0x000a4e                  _strlen

Memory Configuration

Name             Origin             Length             Attributes
data             0x000800           0x000600           a !xr
reset            0x000000           0x000004  
ivt              0x000004           0x0000fc  
_reserved        0x000100           0x000004  
aivt             0x000104           0x0000fc  
program          0x000200           0x002a00           xr
eedata           0x7ffe00           0x000200  
FBS              0xf80000           0x000002  
FGS              0xf80004           0x000002  
FOSCSEL          0xf80006           0x000002  
FOSC             0xf80008           0x000002  
FWDT             0xf8000a           0x000002  
FPOR             0xf8000c           0x000002  
FICD             0xf8000e           0x000002  
FDS              0xf80010           0x000002  
*default*        0x000000           0xffffffff  

Linker script and memory map

LOAD build/default/production/ChangeClk.o
LOAD build/default/production/UART2.o
LOAD build/default/production/main.o
                    0x0001                  __MPLAB_BUILD = 0x1
LOAD pPIC24Fxxx
LOAD c:/program files/microchip/xc16/v1.60/bin/bin/../../lib\libfx-elf.a
                    0xf80000                  __FBS = 0xf80000
                    0xf80004                  __FGS = 0xf80004
                    0xf80006                  __FOSCSEL = 0xf80006
                    0xf80008                  __FOSC = 0xf80008
                    0xf8000a                  __FWDT = 0xf8000a
                    0xf8000c                  __FPOR = 0xf8000c
                    0xf8000e                  __FICD = 0xf8000e
                    0xf80010                  __FDS = 0xf80010
                    0x0001                  __NO_HANDLES = 0x1
                    0x0200                  __CODE_BASE = 0x200
                    0x2a00                  __CODE_LENGTH = 0x2a00
                    0x0004                  __IVT_BASE = 0x4
                    0x0104                  __AIVT_BASE = 0x104
                    0x0800                  __DATA_BASE = 0x800
                    0x0600                  __DATA_LENGTH = 0x600

.reset            0x000000          0x4
                  0x000000          0x2 SHORT 0x200 ABSOLUTE (__reset)
                  0x000001          0x2 SHORT 0x4
                  0x000002          0x2 SHORT 0x0 ((ABSOLUTE (__reset) >> 0x10) & 0x7f)
                  0x000003          0x2 SHORT 0x0

.text             0x000200        0x85a
 *(.init)
 .init            0x000200         0x4c c:/program files/microchip/xc16/v1.60/bin/bin/../../lib\liblega-pic30-elf.a(crt0_standard.o)
                  0x000200                  __resetPRI
                  0x000200                  __reset
                  0x00023c                  __psv_init
 .init            0x00024c         0x7c c:/program files/microchip/xc16/v1.60/bin/bin/../../lib\liblega-pic30-elf.a(data_init_standard.o)
                  0x000252                  __data_init_standard
                  0x000252                  __data_init
 *(.user_init)
 *(.handle)
 *(.isr*)
 .isr.text        0x0002c8         0x10 build/default/production/UART2.o
                  0x0002c8                  __U2RXInterrupt
                  0x0002d0                  __U2TXInterrupt
 .isr             0x0002d8          0x4 default_isr
                  0x0002d8                  __DefaultInterrupt
 *(.libc)
 *(.libm)
 *(.libdsp)
 *(.lib*)
 .libpic30_crt_start_mode
                  0x0002dc          0x2 c:/program files/microchip/xc16/v1.60/bin/bin/../../lib\liblega-pic30-elf.a(crt_start_mode_normal.Leo)
                  0x0002dc                  __crt_start_mode
                  0x0002dc                  __crt_start_mode_normal
 .libm.divfs3     0x0002de         0x84 c:/program files/microchip/xc16/v1.60/bin/bin/../../lib\libm-elf.a(divsf3.eo)
                  0x0002de                  ___divsf3
 .libm.fixunssfsi
                  0x000362         0x36 c:/program files/microchip/xc16/v1.60/bin/bin/../../lib\libm-elf.a(fixunssfsi.eo)
                  0x000362                  ___fixunssfsi
 .libm.floatsisf
                  0x000398          0x6 c:/program files/microchip/xc16/v1.60/bin/bin/../../lib\libm-elf.a(floatsisf.eo)
                  0x000398                  ___floatsisf
 .libm.floatunsisf
                  0x00039e          0x4 c:/program files/microchip/xc16/v1.60/bin/bin/../../lib\libm-elf.a(floatunsisf.eo)
                  0x00039e                  ___floatunsisf
 .libm.fpack      0x0003a2         0x4c c:/program files/microchip/xc16/v1.60/bin/bin/../../lib\libm-elf.a(fpack.eo)
                  0x0003a2                  __fpack
 .libm.funpack    0x0003ee         0x2a c:/program files/microchip/xc16/v1.60/bin/bin/../../lib\libm-elf.a(funpack.eo)
                  0x0003ee                  __funpack
 .libm.funpack2
                  0x000418         0x10 c:/program files/microchip/xc16/v1.60/bin/bin/../../lib\libm-elf.a(funpack2.eo)
                  0x000418                  __funpack2
 .libm.fPropagateNaN
                  0x000428         0x12 c:/program files/microchip/xc16/v1.60/bin/bin/../../lib\libm-elf.a(futil.eo)
                  0x000428                  __fPropagateNaN
 .libm.fbobExit
                  0x00043a          0x8 c:/program files/microchip/xc16/v1.60/bin/bin/../../lib\libm-elf.a(futil.eo)
                  0x00043a                  __fbopExit
 .libm.fbopReturnNaN
                  0x000442          0x6 c:/program files/microchip/xc16/v1.60/bin/bin/../../lib\libm-elf.a(futil.eo)
                  0x000442                  __fbopReturnNaN
 .libm.powf       0x000448        0x1c6 c:/program files/microchip/xc16/v1.60/bin/bin/../../lib\libm-elf.a(powf.eo)
                  0x000448                  _powf
 .libm.frexpf     0x00060e         0x1a c:/program files/microchip/xc16/v1.60/bin/bin/../../lib\libm-elf.a(_frexpf.eo)
                  0x00060e                  __frexpf
 .libm.subsf3     0x000628         0xbc c:/program files/microchip/xc16/v1.60/bin/bin/../../lib\libm-elf.a(addsf3.eo)
                  0x000628                  ___subsf3
                  0x00062a                  ___addsf3
 .libm.expf       0x0006e4         0xc4 c:/program files/microchip/xc16/v1.60/bin/bin/../../lib\libm-elf.a(expf.eo)
                  0x0006e4                  _expf
 .libm.fchop      0x0007a8         0x4e c:/program files/microchip/xc16/v1.60/bin/bin/../../lib\libm-elf.a(fchop.eo)
                  0x0007a8                  __fchop
 .libm.eqsf2      0x0007f6          0x4 c:/program files/microchip/xc16/v1.60/bin/bin/../../lib\libm-elf.a(feqltle.eo)
                  0x0007f6                  ___eqsf2
                  0x0007f6                  ___ltsf2
                  0x0007f6                  ___lesf2
 .libm.gtsf2      0x0007fa          0x4 c:/program files/microchip/xc16/v1.60/bin/bin/../../lib\libm-elf.a(fgtge.eo)
                  0x0007fa                  ___gesf2
                  0x0007fa                  ___gtsf2
 .libm.fixsfsi    0x0007fe         0x42 c:/program files/microchip/xc16/v1.60/bin/bin/../../lib\libm-elf.a(fixsfsi.eo)
                  0x0007fe                  _(float, int, long long, short, float, short, int)
 .libm.floatdisf
                  0x000840         0x20 c:/program files/microchip/xc16/v1.60/bin/bin/../../lib\libm-elf.a(floatdisf.eo)
                  0x000840                  ___floatdisf
 .libm.floatundisf
                  0x000860         0x5e c:/program files/microchip/xc16/v1.60/bin/bin/../../lib\libm-elf.a(floatundisf.eo)
                  0x000860                  ___floatundisf
 .libm.ldexpf     0x0008be         0x44 c:/program files/microchip/xc16/v1.60/bin/bin/../../lib\libm-elf.a(ldexpf.eo)
                  0x0008be                  _ldexpf
 .libm.logf       0x000902         0xae c:/program files/microchip/xc16/v1.60/bin/bin/../../lib\libm-elf.a(logf.eo)
                  0x000902                  _logf
 .libm.mulsf3     0x0009b0         0x68 c:/program files/microchip/xc16/v1.60/bin/bin/../../lib\libm-elf.a(mulsf3.eo)
                  0x0009b0                  ___mulsf3
 .libm.fcompare
                  0x000a18         0x36 c:/program files/microchip/xc16/v1.60/bin/bin/../../lib\libm-elf.a(fcompare.eo)
                  0x000a18                  __fcompare
 .libc.strlen     0x000a4e          0xc c:/program files/microchip/xc16/v1.60/bin/bin/../../lib\liblega-c-elf.a(strlen.XX_eo)
                  0x000a4e                  _strlen

usercode
 *(usercode)

__FBS
 *(__FBS.sec*)

__FGS
 *(__FGS.sec*)

__FOSCSEL
 *(__FOSCSEL.sec*)

__FOSC
 *(__FOSC.sec*)

__FWDT
 *(__FWDT.sec*)

__FPOR
 *(__FPOR.sec*)

__FICD
 *(__FICD.sec*)

__FDS
 *(__FDS.sec*)

.comment
 *(.comment)

.debug_info       0x000000       0x15b0
 *(.debug_info)
 .debug_info      0x000000        0x55c build/default/production/ChangeClk.o
 .debug_info      0x00055c        0xe82 build/default/production/UART2.o
 .debug_info      0x0013de        0x1d2 build/default/production/main.o
 *(.gnu.linkonce.wi.*)

.debug_abbrev     0x000000        0x2be
 *(.debug_abbrev)
 .debug_abbrev    0x000000        0x123 build/default/production/ChangeClk.o
 .debug_abbrev    0x000123        0x114 build/default/production/UART2.o
 .debug_abbrev    0x000237         0x87 build/default/production/main.o

.debug_line       0x000000        0x39d
 *(.debug_line)
 .debug_line      0x000000        0x115 build/default/production/ChangeClk.o
 .debug_line      0x000115        0x17d build/default/production/UART2.o
 .debug_line      0x000292        0x10b build/default/production/main.o

.debug_frame      0x000000        0x148
 *(.debug_frame)
 .debug_frame     0x000000         0x2e build/default/production/ChangeClk.o
 .debug_frame     0x00002e         0xec build/default/production/UART2.o
 .debug_frame     0x00011a         0x2e build/default/production/main.o

.debug_str        0x000000         0x64
 *(.debug_str)
 .debug_str       0x000000         0x16 build/default/production/ChangeClk.o
 .debug_str       0x000016         0x4e build/default/production/UART2.o

.debug_loc
 *(.debug_loc)

.debug_macinfo
 *(.debug_macinfo)

.debug_pubnames
                  0x000000         0xd0
 *(.debug_pubnames)
 .debug_pubnames
                  0x000000         0x1d build/default/production/ChangeClk.o
 .debug_pubnames
                  0x00001d         0x98 build/default/production/UART2.o
 .debug_pubnames
                  0x0000b5         0x1b build/default/production/main.o

.debug_ranges
 *(.debug_ranges)

.debug_aranges    0x000000         0x48
 *(.debug_aranges)
 .debug_aranges
                  0x000000         0x18 build/default/production/ChangeClk.o
 .debug_aranges
                  0x000018         0x18 build/default/production/UART2.o
 .debug_aranges
                  0x000030         0x18 build/default/production/main.o
                    0x0000                  WREG0 = 0x0
                    0x0000                  _WREG0 = 0x0
                    0x0002                  WREG1 = 0x2
                    0x0002                  _WREG1 = 0x2
                    0x0004                  WREG2 = 0x4
                    0x0004                  _WREG2 = 0x4
                    0x0006                  WREG3 = 0x6
                    0x0006                  _WREG3 = 0x6
                    0x0008                  WREG4 = 0x8
                    0x0008                  _WREG4 = 0x8
                    0x000a                  WREG5 = 0xa
                    0x000a                  _WREG5 = 0xa
                    0x000c                  WREG6 = 0xc
                    0x000c                  _WREG6 = 0xc
                    0x000e                  WREG7 = 0xe
                    0x000e                  _WREG7 = 0xe
                    0x0010                  WREG8 = 0x10
                    0x0010                  _WREG8 = 0x10
                    0x0012                  WREG9 = 0x12
                    0x0012                  _WREG9 = 0x12
                    0x0014                  WREG10 = 0x14
                    0x0014                  _WREG10 = 0x14
                    0x0016                  WREG11 = 0x16
                    0x0016                  _WREG11 = 0x16
                    0x0018                  WREG12 = 0x18
                    0x0018                  _WREG12 = 0x18
                    0x001a                  WREG13 = 0x1a
                    0x001a                  _WREG13 = 0x1a
                    0x001c                  WREG14 = 0x1c
                    0x001c                  _WREG14 = 0x1c
                    0x001e                  WREG15 = 0x1e
                    0x001e                  _WREG15 = 0x1e
                    0x0020                  SPLIM = 0x20
                    0x0020                  _SPLIM = 0x20
                    0x002e                  PCL = 0x2e
                    0x002e                  _PCL = 0x2e
                    0x0030                  PCH = 0x30
                    0x0030                  _PCH = 0x30
                    0x0032                  TBLPAG = 0x32
                    0x0032                  _TBLPAG = 0x32
                    0x0034                  PSVPAG = 0x34
                    0x0034                  _PSVPAG = 0x34
                    0x0036                  RCOUNT = 0x36
                    0x0036                  _RCOUNT = 0x36
                    0x0042                  SR = 0x42
                    0x0042                  _SR = 0x42
                    0x0042                  _SRbits = 0x42
                    0x0044                  CORCON = 0x44
                    0x0044                  _CORCON = 0x44
                    0x0044                  _CORCONbits = 0x44
                    0x0052                  DISICNT = 0x52
                    0x0052                  _DISICNT = 0x52
                    0x0060                  CNEN1 = 0x60
                    0x0060                  _CNEN1 = 0x60
                    0x0060                  _CNEN1bits = 0x60
                    0x0062                  CNEN2 = 0x62
                    0x0062                  _CNEN2 = 0x62
                    0x0062                  _CNEN2bits = 0x62
                    0x0068                  CNPU1 = 0x68
                    0x0068                  _CNPU1 = 0x68
                    0x0068                  _CNPU1bits = 0x68
                    0x006a                  CNPU2 = 0x6a
                    0x006a                  _CNPU2 = 0x6a
                    0x006a                  _CNPU2bits = 0x6a
                    0x0070                  CNPD1 = 0x70
                    0x0070                  _CNPD1 = 0x70
                    0x0070                  _CNPD1bits = 0x70
                    0x0072                  CNPD2 = 0x72
                    0x0072                  _CNPD2 = 0x72
                    0x0072                  _CNPD2bits = 0x72
                    0x0080                  INTCON1 = 0x80
                    0x0080                  _INTCON1 = 0x80
                    0x0080                  _INTCON1bits = 0x80
                    0x0082                  INTCON2 = 0x82
                    0x0082                  _INTCON2 = 0x82
                    0x0082                  _INTCON2bits = 0x82
                    0x0084                  IFS0 = 0x84
                    0x0084                  _IFS0 = 0x84
                    0x0084                  _IFS0bits = 0x84
                    0x0086                  IFS1 = 0x86
                    0x0086                  _IFS1 = 0x86
                    0x0086                  _IFS1bits = 0x86
                    0x008a                  IFS3 = 0x8a
                    0x008a                  _IFS3 = 0x8a
                    0x008a                  _IFS3bits = 0x8a
                    0x008c                  IFS4 = 0x8c
                    0x008c                  _IFS4 = 0x8c
                    0x008c                  _IFS4bits = 0x8c
                    0x0094                  IEC0 = 0x94
                    0x0094                  _IEC0 = 0x94
                    0x0094                  _IEC0bits = 0x94
                    0x0096                  IEC1 = 0x96
                    0x0096                  _IEC1 = 0x96
                    0x0096                  _IEC1bits = 0x96
                    0x009a                  IEC3 = 0x9a
                    0x009a                  _IEC3 = 0x9a
                    0x009a                  _IEC3bits = 0x9a
                    0x009c                  IEC4 = 0x9c
                    0x009c                  _IEC4 = 0x9c
                    0x009c                  _IEC4bits = 0x9c
                    0x00a4                  IPC0 = 0xa4
                    0x00a4                  _IPC0 = 0xa4
                    0x00a4                  _IPC0bits = 0xa4
                    0x00a6                  IPC1 = 0xa6
                    0x00a6                  _IPC1 = 0xa6
                    0x00a6                  _IPC1bits = 0xa6
                    0x00a8                  IPC2 = 0xa8
                    0x00a8                  _IPC2 = 0xa8
                    0x00a8                  _IPC2bits = 0xa8
                    0x00aa                  IPC3 = 0xaa
                    0x00aa                  _IPC3 = 0xaa
                    0x00aa                  _IPC3bits = 0xaa
                    0x00ac                  IPC4 = 0xac
                    0x00ac                  _IPC4 = 0xac
                    0x00ac                  _IPC4bits = 0xac
                    0x00ae                  IPC5 = 0xae
                    0x00ae                  _IPC5 = 0xae
                    0x00ae                  _IPC5bits = 0xae
                    0x00b2                  IPC7 = 0xb2
                    0x00b2                  _IPC7 = 0xb2
                    0x00b2                  _IPC7bits = 0xb2
                    0x00c2                  IPC15 = 0xc2
                    0x00c2                  _IPC15 = 0xc2
                    0x00c2                  _IPC15bits = 0xc2
                    0x00c4                  IPC16 = 0xc4
                    0x00c4                  _IPC16 = 0xc4
                    0x00c4                  _IPC16bits = 0xc4
                    0x00c8                  IPC18 = 0xc8
                    0x00c8                  _IPC18 = 0xc8
                    0x00c8                  _IPC18bits = 0xc8
                    0x00ca                  IPC19 = 0xca
                    0x00ca                  _IPC19 = 0xca
                    0x00ca                  _IPC19bits = 0xca
                    0x00e0                  INTTREG = 0xe0
                    0x00e0                  _INTTREG = 0xe0
                    0x00e0                  _INTTREGbits = 0xe0
                    0x0100                  TMR1 = 0x100
                    0x0100                  _TMR1 = 0x100
                    0x0102                  PR1 = 0x102
                    0x0102                  _PR1 = 0x102
                    0x0104                  T1CON = 0x104
                    0x0104                  _T1CON = 0x104
                    0x0104                  _T1CONbits = 0x104
                    0x0106                  TMR2 = 0x106
                    0x0106                  _TMR2 = 0x106
                    0x0108                  TMR3HLD = 0x108
                    0x0108                  _TMR3HLD = 0x108
                    0x010a                  TMR3 = 0x10a
                    0x010a                  _TMR3 = 0x10a
                    0x010c                  PR2 = 0x10c
                    0x010c                  _PR2 = 0x10c
                    0x010e                  PR3 = 0x10e
                    0x010e                  _PR3 = 0x10e
                    0x0110                  T2CON = 0x110
                    0x0110                  _T2CON = 0x110
                    0x0110                  _T2CONbits = 0x110
                    0x0112                  T3CON = 0x112
                    0x0112                  _T3CON = 0x112
                    0x0112                  _T3CONbits = 0x112
                    0x0140                  IC1BUF = 0x140
                    0x0140                  _IC1BUF = 0x140
                    0x0142                  IC1CON = 0x142
                    0x0142                  _IC1CON = 0x142
                    0x0142                  _IC1CONbits = 0x142
                    0x0180                  OC1RS = 0x180
                    0x0180                  _OC1RS = 0x180
                    0x0182                  OC1R = 0x182
                    0x0182                  _OC1R = 0x182
                    0x0184                  OC1CON = 0x184
                    0x0184                  _OC1CON = 0x184
                    0x0184                  _OC1CONbits = 0x184
                    0x0200                  I2C1RCV = 0x200
                    0x0200                  _I2C1RCV = 0x200
                    0x0202                  I2C1TRN = 0x202
                    0x0202                  _I2C1TRN = 0x202
                    0x0204                  I2C1BRG = 0x204
                    0x0204                  _I2C1BRG = 0x204
                    0x0206                  I2C1CON = 0x206
                    0x0206                  _I2C1CON = 0x206
                    0x0206                  _I2C1CONbits = 0x206
                    0x0208                  I2C1STAT = 0x208
                    0x0208                  _I2C1STAT = 0x208
                    0x0208                  _I2C1STATbits = 0x208
                    0x020a                  I2C1ADD = 0x20a
                    0x020a                  _I2C1ADD = 0x20a
                    0x020c                  I2C1MSK = 0x20c
                    0x020c                  _I2C1MSK = 0x20c
                    0x020c                  _I2C1MSKbits = 0x20c
                    0x0220                  U1MODE = 0x220
                    0x0220                  _U1MODE = 0x220
                    0x0220                  _U1MODEbits = 0x220
                    0x0222                  U1STA = 0x222
                    0x0222                  _U1STA = 0x222
                    0x0222                  _U1STAbits = 0x222
                    0x0224                  U1TXREG = 0x224
                    0x0224                  _U1TXREG = 0x224
                    0x0226                  U1RXREG = 0x226
                    0x0226                  _U1RXREG = 0x226
                    0x0228                  U1BRG = 0x228
                    0x0228                  _U1BRG = 0x228
                    0x0230                  U2MODE = 0x230
                    0x0230                  _U2MODE = 0x230
                    0x0230                  _U2MODEbits = 0x230
                    0x0232                  U2STA = 0x232
                    0x0232                  _U2STA = 0x232
                    0x0232                  _U2STAbits = 0x232
                    0x0234                  U2TXREG = 0x234
                    0x0234                  _U2TXREG = 0x234
                    0x0236                  U2RXREG = 0x236
                    0x0236                  _U2RXREG = 0x236
                    0x0238                  U2BRG = 0x238
                    0x0238                  _U2BRG = 0x238
                    0x0240                  SPI1STAT = 0x240
                    0x0240                  _SPI1STAT = 0x240
                    0x0240                  _SPI1STATbits = 0x240
                    0x0242                  SPI1CON1 = 0x242
                    0x0242                  _SPI1CON1 = 0x242
                    0x0242                  _SPI1CON1bits = 0x242
                    0x0244                  SPI1CON2 = 0x244
                    0x0244                  _SPI1CON2 = 0x244
                    0x0244                  _SPI1CON2bits = 0x244
                    0x0248                  SPI1BUF = 0x248
                    0x0248                  _SPI1BUF = 0x248
                    0x02c0                  TRISA = 0x2c0
                    0x02c0                  _TRISA = 0x2c0
                    0x02c0                  _TRISAbits = 0x2c0
                    0x02c2                  PORTA = 0x2c2
                    0x02c2                  _PORTA = 0x2c2
                    0x02c2                  _PORTAbits = 0x2c2
                    0x02c4                  LATA = 0x2c4
                    0x02c4                  _LATA = 0x2c4
                    0x02c4                  _LATAbits = 0x2c4
                    0x02c6                  ODCA = 0x2c6
                    0x02c6                  _ODCA = 0x2c6
                    0x02c6                  _ODCAbits = 0x2c6
                    0x02c8                  TRISB = 0x2c8
                    0x02c8                  _TRISB = 0x2c8
                    0x02c8                  _TRISBbits = 0x2c8
                    0x02ca                  PORTB = 0x2ca
                    0x02ca                  _PORTB = 0x2ca
                    0x02ca                  _PORTBbits = 0x2ca
                    0x02cc                  LATB = 0x2cc
                    0x02cc                  _LATB = 0x2cc
                    0x02cc                  _LATBbits = 0x2cc
                    0x02ce                  ODCB = 0x2ce
                    0x02ce                  _ODCB = 0x2ce
                    0x02ce                  _ODCBbits = 0x2ce
                    0x02fc                  PADCFG1 = 0x2fc
                    0x02fc                  _PADCFG1 = 0x2fc
                    0x02fc                  _PADCFG1bits = 0x2fc
                    0x0300                  ADC1BUF0 = 0x300
                    0x0300                  _ADC1BUF0 = 0x300
                    0x0302                  ADC1BUF1 = 0x302
                    0x0302                  _ADC1BUF1 = 0x302
                    0x0304                  ADC1BUF2 = 0x304
                    0x0304                  _ADC1BUF2 = 0x304
                    0x0306                  ADC1BUF3 = 0x306
                    0x0306                  _ADC1BUF3 = 0x306
                    0x0308                  ADC1BUF4 = 0x308
                    0x0308                  _ADC1BUF4 = 0x308
                    0x030a                  ADC1BUF5 = 0x30a
                    0x030a                  _ADC1BUF5 = 0x30a
                    0x030c                  ADC1BUF6 = 0x30c
                    0x030c                  _ADC1BUF6 = 0x30c
                    0x030e                  ADC1BUF7 = 0x30e
                    0x030e                  _ADC1BUF7 = 0x30e
                    0x0310                  ADC1BUF8 = 0x310
                    0x0310                  _ADC1BUF8 = 0x310
                    0x0312                  ADC1BUF9 = 0x312
                    0x0312                  _ADC1BUF9 = 0x312
                    0x0314                  ADC1BUFA = 0x314
                    0x0314                  _ADC1BUFA = 0x314
                    0x0316                  ADC1BUFB = 0x316
                    0x0316                  _ADC1BUFB = 0x316
                    0x0318                  ADC1BUFC = 0x318
                    0x0318                  _ADC1BUFC = 0x318
                    0x031a                  ADC1BUFD = 0x31a
                    0x031a                  _ADC1BUFD = 0x31a
                    0x031c                  ADC1BUFE = 0x31c
                    0x031c                  _ADC1BUFE = 0x31c
                    0x031e                  ADC1BUFF = 0x31e
                    0x031e                  _ADC1BUFF = 0x31e
                    0x0320                  AD1CON1 = 0x320
                    0x0320                  _AD1CON1 = 0x320
                    0x0320                  _AD1CON1bits = 0x320
                    0x0322                  AD1CON2 = 0x322
                    0x0322                  _AD1CON2 = 0x322
                    0x0322                  _AD1CON2bits = 0x322
                    0x0324                  AD1CON3 = 0x324
                    0x0324                  _AD1CON3 = 0x324
                    0x0324                  _AD1CON3bits = 0x324
                    0x0328                  AD1CHS = 0x328
                    0x0328                  _AD1CHS = 0x328
                    0x0328                  _AD1CHSbits = 0x328
                    0x032c                  AD1PCFG = 0x32c
                    0x032c                  _AD1PCFG = 0x32c
                    0x032c                  _AD1PCFGbits = 0x32c
                    0x0330                  AD1CSSL = 0x330
                    0x0330                  _AD1CSSL = 0x330
                    0x0330                  _AD1CSSLbits = 0x330
                    0x033c                  CTMUCON = 0x33c
                    0x033c                  _CTMUCON = 0x33c
                    0x033c                  _CTMUCONbits = 0x33c
                    0x033e                  CTMUICON = 0x33e
                    0x033e                  _CTMUICON = 0x33e
                    0x033e                  _CTMUICONbits = 0x33e
                    0x0620                  ALRMVAL = 0x620
                    0x0620                  _ALRMVAL = 0x620
                    0x0622                  ALCFGRPT = 0x622
                    0x0622                  _ALCFGRPT = 0x622
                    0x0622                  _ALCFGRPTbits = 0x622
                    0x0624                  RTCVAL = 0x624
                    0x0624                  _RTCVAL = 0x624
                    0x0626                  RCFGCAL = 0x626
                    0x0626                  _RCFGCAL = 0x626
                    0x0626                  _RCFGCALbits = 0x626
                    0x0630                  CMSTAT = 0x630
                    0x0630                  _CMSTAT = 0x630
                    0x0630                  _CMSTATbits = 0x630
                    0x0632                  CVRCON = 0x632
                    0x0632                  _CVRCON = 0x632
                    0x0632                  _CVRCONbits = 0x632
                    0x0634                  CM1CON = 0x634
                    0x0634                  _CM1CON = 0x634
                    0x0634                  _CM1CONbits = 0x634
                    0x0636                  CM2CON = 0x636
                    0x0636                  _CM2CON = 0x636
                    0x0636                  _CM2CONbits = 0x636
                    0x0640                  CRCCON = 0x640
                    0x0640                  _CRCCON = 0x640
                    0x0640                  _CRCCONbits = 0x640
                    0x0642                  CRCXOR = 0x642
                    0x0642                  _CRCXOR = 0x642
                    0x0644                  CRCDAT = 0x644
                    0x0644                  _CRCDAT = 0x644
                    0x0646                  CRCWDAT = 0x646
                    0x0646                  _CRCWDAT = 0x646
                    0x0740                  RCON = 0x740
                    0x0740                  _RCON = 0x740
                    0x0740                  _RCONbits = 0x740
                    0x0742                  OSCCON = 0x742
                    0x0742                  _OSCCON = 0x742
                    0x0742                  _OSCCONbits = 0x742
                    0x0742                  OSCCONL = 0x742
                    0x0742                  _OSCCONL = 0x742
                    0x0743                  OSCCONH = 0x743
                    0x0743                  _OSCCONH = 0x743
                    0x0744                  CLKDIV = 0x744
                    0x0744                  _CLKDIV = 0x744
                    0x0744                  _CLKDIVbits = 0x744
                    0x0748                  OSCTUN = 0x748
                    0x0748                  _OSCTUN = 0x748
                    0x0748                  _OSCTUNbits = 0x748
                    0x074e                  REFOCON = 0x74e
                    0x074e                  _REFOCON = 0x74e
                    0x074e                  _REFOCONbits = 0x74e
                    0x0756                  HLVDCON = 0x756
                    0x0756                  _HLVDCON = 0x756
                    0x0756                  _HLVDCONbits = 0x756
                    0x0758                  DSCON = 0x758
                    0x0758                  _DSCON = 0x758
                    0x0758                  _DSCONbits = 0x758
                    0x075a                  DSWAKE = 0x75a
                    0x075a                  _DSWAKE = 0x75a
                    0x075a                  _DSWAKEbits = 0x75a
                    0x075a                  DSWSRC = 0x75a
                    0x075a                  _DSWSRC = 0x75a
                    0x075a                  _DSWSRCbits = 0x75a
                    0x075c                  DSGPR0 = 0x75c
                    0x075c                  _DSGPR0 = 0x75c
                    0x075e                  DSGPR1 = 0x75e
                    0x075e                  _DSGPR1 = 0x75e
                    0x0760                  NVMCON = 0x760
                    0x0760                  _NVMCON = 0x760
                    0x0760                  _NVMCONbits = 0x760
                    0x0766                  NVMKEY = 0x766
                    0x0766                  _NVMKEY = 0x766
                    0x0766                  _NVMKEYbits = 0x766
                    0x0770                  PMD1 = 0x770
                    0x0770                  _PMD1 = 0x770
                    0x0770                  _PMD1bits = 0x770
                    0x0772                  PMD2 = 0x772
                    0x0772                  _PMD2 = 0x772
                    0x0772                  _PMD2bits = 0x772
                    0x0774                  PMD3 = 0x774
                    0x0774                  _PMD3 = 0x774
                    0x0774                  _PMD3bits = 0x774
                    0x0776                  PMD4 = 0x776
                    0x0776                  _PMD4 = 0x776
                    0x0776                  _PMD4bits = 0x776
                    0x0140                  IC1 = 0x140
                    0x0140                  _IC1 = 0x140
                    0x0180                  OC1 = 0x180
                    0x0180                  _OC1 = 0x180
                    0x0240                  SPI1 = 0x240
                    0x0240                  _SPI1 = 0x240
                    0x0220                  UART1 = 0x220
                    0x0220                  _UART1 = 0x220
                    0x0230                  UART2 = 0x230
                    0x0230                  _UART2 = 0x230
START GROUP
LOAD c:/program files/microchip/xc16/v1.60/bin/bin/../../lib\liblega-pic30-elf.a
LOAD c:/program files/microchip/xc16/v1.60/bin/bin/../../lib\libm-elf.a
LOAD c:/program files/microchip/xc16/v1.60/bin/bin/../../lib\liblega-c-elf.a
END GROUP
OUTPUT(dist/default/production/SerialTest.X.production.elf elf32-pic30)
LOAD default_isr
LOAD data_init

.debug_pubtypes
                  0x000048        0x1b8
 .debug_pubtypes
                  0x000048         0x7a build/default/production/ChangeClk.o
 .debug_pubtypes
                  0x0000c2        0x11f build/default/production/UART2.o
 .debug_pubtypes
                  0x0001e1         0x1f build/default/production/main.o

__c30_signature
                  0x000200         0xae
 __c30_signature
                  0x000200          0x6 build/default/production/ChangeClk.o
 __c30_signature
                  0x000206          0x6 build/default/production/UART2.o
 __c30_signature
                  0x00020c          0x6 build/default/production/main.o
 __c30_signature
                  0x000212          0x6 c:/program files/microchip/xc16/v1.60/bin/bin/../../lib\liblega-pic30-elf.a(crt0_standard.o)
 __c30_signature
                  0x000218          0x6 c:/program files/microchip/xc16/v1.60/bin/bin/../../lib\liblega-pic30-elf.a(data_init_standard.o)
 __c30_signature
                  0x00021e          0x6 c:/program files/microchip/xc16/v1.60/bin/bin/../../lib\libm-elf.a(divsf3.eo)
 __c30_signature
                  0x000224          0x6 c:/program files/microchip/xc16/v1.60/bin/bin/../../lib\libm-elf.a(fixunssfsi.eo)
 __c30_signature
                  0x00022a          0x6 c:/program files/microchip/xc16/v1.60/bin/bin/../../lib\libm-elf.a(floatsisf.eo)
 __c30_signature
                  0x000230          0x6 c:/program files/microchip/xc16/v1.60/bin/bin/../../lib\libm-elf.a(floatunsisf.eo)
 __c30_signature
                  0x000236          0x6 c:/program files/microchip/xc16/v1.60/bin/bin/../../lib\libm-elf.a(fpack.eo)
 __c30_signature
                  0x00023c          0x6 c:/program files/microchip/xc16/v1.60/bin/bin/../../lib\libm-elf.a(funpack.eo)
 __c30_signature
                  0x000242          0x6 c:/program files/microchip/xc16/v1.60/bin/bin/../../lib\libm-elf.a(funpack2.eo)
 __c30_signature
                  0x000248          0x6 c:/program files/microchip/xc16/v1.60/bin/bin/../../lib\libm-elf.a(futil.eo)
 __c30_signature
                  0x00024e          0x6 c:/program files/microchip/xc16/v1.60/bin/bin/../../lib\libm-elf.a(powf.eo)
 __c30_signature
                  0x000254          0x6 c:/program files/microchip/xc16/v1.60/bin/bin/../../lib\libm-elf.a(_frexpf.eo)
 __c30_signature
                  0x00025a          0x6 c:/program files/microchip/xc16/v1.60/bin/bin/../../lib\libm-elf.a(addsf3.eo)
 __c30_signature
                  0x000260          0x6 c:/program files/microchip/xc16/v1.60/bin/bin/../../lib\libm-elf.a(errno.eo)
 __c30_signature
                  0x000266          0x6 c:/program files/microchip/xc16/v1.60/bin/bin/../../lib\libm-elf.a(expf.eo)
 __c30_signature
                  0x00026c          0x6 c:/program files/microchip/xc16/v1.60/bin/bin/../../lib\libm-elf.a(fchop.eo)
 __c30_signature
                  0x000272          0x6 c:/program files/microchip/xc16/v1.60/bin/bin/../../lib\libm-elf.a(feqltle.eo)
 __c30_signature
                  0x000278          0x6 c:/program files/microchip/xc16/v1.60/bin/bin/../../lib\libm-elf.a(fgtge.eo)
 __c30_signature
                  0x00027e          0x6 c:/program files/microchip/xc16/v1.60/bin/bin/../../lib\libm-elf.a(fixsfsi.eo)
 __c30_signature
                  0x000284          0x6 c:/program files/microchip/xc16/v1.60/bin/bin/../../lib\libm-elf.a(floatdisf.eo)
 __c30_signature
                  0x00028a          0x6 c:/program files/microchip/xc16/v1.60/bin/bin/../../lib\libm-elf.a(floatundisf.eo)
 __c30_signature
                  0x000290          0x6 c:/program files/microchip/xc16/v1.60/bin/bin/../../lib\libm-elf.a(ldexpf.eo)
 __c30_signature
                  0x000296          0x6 c:/program files/microchip/xc16/v1.60/bin/bin/../../lib\libm-elf.a(logf.eo)
 __c30_signature
                  0x00029c          0x6 c:/program files/microchip/xc16/v1.60/bin/bin/../../lib\libm-elf.a(mulsf3.eo)
 __c30_signature
                  0x0002a2          0x6 c:/program files/microchip/xc16/v1.60/bin/bin/../../lib\libm-elf.a(fcompare.eo)
 __c30_signature
                  0x0002a8          0x6 c:/program files/microchip/xc16/v1.60/bin/bin/../../lib\liblega-c-elf.a(strlen.XX_eo)

.nbss               0x0800          0x4
 .nbss              0x0800          0x2 build/default/production/UART2.o
                    0x0800                  _clkval
 .nbss              0x0802          0x2 c:/program files/microchip/xc16/v1.60/bin/bin/../../lib\libm-elf.a(errno.eo)
                    0x0802                  _errno

.ivt._U2RXInterrupt
                  0x000050          0x2
 .ivt._U2RXInterrupt
                  0x000050          0x2 build/default/production/UART2.o

.ivt._U2TXInterrupt
                  0x000052          0x2
 .ivt._U2TXInterrupt
                  0x000052          0x2 build/default/production/UART2.o

.config_FCKSM     0xf80008          0x2
 .config_FCKSM    0xf80008          0x2 build/default/production/main.o

.text             0x000a5a        0x29a
 .text            0x000a5a        0x1ee build/default/production/UART2.o
                  0x000a5a                  _InitUART2
                  0x000ac2                  _XmitUART2
                  0x000afa                  _Disp2Hex
                  0x000b58                  _Disp2Hex32
                  0x000bc6                  _Disp2Dec
                  0x000c26                  _Disp2String
 .text            0x000c48         0x74 build/default/production/ChangeClk.o
                  0x000c48                  _NewClk
 .text            0x000cbc         0x38 build/default/production/main.o
                  0x000cbc                  _main

.dinit            0x000cf4          0xe
 .dinit           0x000cf4          0xe data_init
